Archive member included to satisfy reference by file (symbol)

h:/installation package/stm32cubeide/stm32cubeide_1.3.0/stm32cubeide/plugins/com.st.stm32cube.ide.mcu.externaltools.gnu-tools-for-stm32.7-2018-q2-update.win32_1.0.0.201904181610/tools/bin/../lib/gcc/arm-none-eabi/7.3.1/../../../../arm-none-eabi/lib/thumb/v7e-m/fpv4-sp/hard\libc_nano.a(lib_a-errno.o)
                              Core/Src/syscalls.o (__errno)
h:/installation package/stm32cubeide/stm32cubeide_1.3.0/stm32cubeide/plugins/com.st.stm32cube.ide.mcu.externaltools.gnu-tools-for-stm32.7-2018-q2-update.win32_1.0.0.201904181610/tools/bin/../lib/gcc/arm-none-eabi/7.3.1/../../../../arm-none-eabi/lib/thumb/v7e-m/fpv4-sp/hard\libc_nano.a(lib_a-exit.o)
                              h:/installation package/stm32cubeide/stm32cubeide_1.3.0/stm32cubeide/plugins/com.st.stm32cube.ide.mcu.externaltools.gnu-tools-for-stm32.7-2018-q2-update.win32_1.0.0.201904181610/tools/bin/../lib/gcc/arm-none-eabi/7.3.1/../../../../arm-none-eabi/lib/thumb/v7e-m/fpv4-sp/hard/crt0.o (exit)
h:/installation package/stm32cubeide/stm32cubeide_1.3.0/stm32cubeide/plugins/com.st.stm32cube.ide.mcu.externaltools.gnu-tools-for-stm32.7-2018-q2-update.win32_1.0.0.201904181610/tools/bin/../lib/gcc/arm-none-eabi/7.3.1/../../../../arm-none-eabi/lib/thumb/v7e-m/fpv4-sp/hard\libc_nano.a(lib_a-impure.o)
                              h:/installation package/stm32cubeide/stm32cubeide_1.3.0/stm32cubeide/plugins/com.st.stm32cube.ide.mcu.externaltools.gnu-tools-for-stm32.7-2018-q2-update.win32_1.0.0.201904181610/tools/bin/../lib/gcc/arm-none-eabi/7.3.1/../../../../arm-none-eabi/lib/thumb/v7e-m/fpv4-sp/hard\libc_nano.a(lib_a-exit.o) (_global_impure_ptr)
h:/installation package/stm32cubeide/stm32cubeide_1.3.0/stm32cubeide/plugins/com.st.stm32cube.ide.mcu.externaltools.gnu-tools-for-stm32.7-2018-q2-update.win32_1.0.0.201904181610/tools/bin/../lib/gcc/arm-none-eabi/7.3.1/../../../../arm-none-eabi/lib/thumb/v7e-m/fpv4-sp/hard\libc_nano.a(lib_a-init.o)
                              h:/installation package/stm32cubeide/stm32cubeide_1.3.0/stm32cubeide/plugins/com.st.stm32cube.ide.mcu.externaltools.gnu-tools-for-stm32.7-2018-q2-update.win32_1.0.0.201904181610/tools/bin/../lib/gcc/arm-none-eabi/7.3.1/../../../../arm-none-eabi/lib/thumb/v7e-m/fpv4-sp/hard/crt0.o (__libc_init_array)
h:/installation package/stm32cubeide/stm32cubeide_1.3.0/stm32cubeide/plugins/com.st.stm32cube.ide.mcu.externaltools.gnu-tools-for-stm32.7-2018-q2-update.win32_1.0.0.201904181610/tools/bin/../lib/gcc/arm-none-eabi/7.3.1/../../../../arm-none-eabi/lib/thumb/v7e-m/fpv4-sp/hard\libc_nano.a(lib_a-memcpy-stub.o)
                              Middlewares/Third_Party/FreeRTOS/Source/CMSIS_RTOS_V2/cmsis_os2.o (memcpy)
h:/installation package/stm32cubeide/stm32cubeide_1.3.0/stm32cubeide/plugins/com.st.stm32cube.ide.mcu.externaltools.gnu-tools-for-stm32.7-2018-q2-update.win32_1.0.0.201904181610/tools/bin/../lib/gcc/arm-none-eabi/7.3.1/../../../../arm-none-eabi/lib/thumb/v7e-m/fpv4-sp/hard\libc_nano.a(lib_a-memset.o)
                              h:/installation package/stm32cubeide/stm32cubeide_1.3.0/stm32cubeide/plugins/com.st.stm32cube.ide.mcu.externaltools.gnu-tools-for-stm32.7-2018-q2-update.win32_1.0.0.201904181610/tools/bin/../lib/gcc/arm-none-eabi/7.3.1/../../../../arm-none-eabi/lib/thumb/v7e-m/fpv4-sp/hard/crt0.o (memset)
h:/installation package/stm32cubeide/stm32cubeide_1.3.0/stm32cubeide/plugins/com.st.stm32cube.ide.mcu.externaltools.gnu-tools-for-stm32.7-2018-q2-update.win32_1.0.0.201904181610/tools/bin/../lib/gcc/arm-none-eabi/7.3.1/thumb/v7e-m/fpv4-sp/hard\libgcc.a(_aeabi_uldivmod.o)
                              Drivers/STM32F4xx_HAL_Driver/Src/stm32f4xx_hal_rcc.o (__aeabi_uldivmod)
h:/installation package/stm32cubeide/stm32cubeide_1.3.0/stm32cubeide/plugins/com.st.stm32cube.ide.mcu.externaltools.gnu-tools-for-stm32.7-2018-q2-update.win32_1.0.0.201904181610/tools/bin/../lib/gcc/arm-none-eabi/7.3.1/thumb/v7e-m/fpv4-sp/hard\libgcc.a(_udivmoddi4.o)
                              h:/installation package/stm32cubeide/stm32cubeide_1.3.0/stm32cubeide/plugins/com.st.stm32cube.ide.mcu.externaltools.gnu-tools-for-stm32.7-2018-q2-update.win32_1.0.0.201904181610/tools/bin/../lib/gcc/arm-none-eabi/7.3.1/thumb/v7e-m/fpv4-sp/hard\libgcc.a(_aeabi_uldivmod.o) (__udivmoddi4)
h:/installation package/stm32cubeide/stm32cubeide_1.3.0/stm32cubeide/plugins/com.st.stm32cube.ide.mcu.externaltools.gnu-tools-for-stm32.7-2018-q2-update.win32_1.0.0.201904181610/tools/bin/../lib/gcc/arm-none-eabi/7.3.1/thumb/v7e-m/fpv4-sp/hard\libgcc.a(_dvmd_tls.o)
                              h:/installation package/stm32cubeide/stm32cubeide_1.3.0/stm32cubeide/plugins/com.st.stm32cube.ide.mcu.externaltools.gnu-tools-for-stm32.7-2018-q2-update.win32_1.0.0.201904181610/tools/bin/../lib/gcc/arm-none-eabi/7.3.1/thumb/v7e-m/fpv4-sp/hard\libgcc.a(_aeabi_uldivmod.o) (__aeabi_ldiv0)

Allocating common symbols
Common symbol       size              file

[...]
Memory Configuration

Name             Origin             Length             Attributes
CCMRAM           0x0000000010000000 0x0000000000010000 xrw
RAM              0x0000000020000000 0x0000000000030000 xrw
FLASH            0x0000000008000000 0x0000000000200000 xr
*default*        0x0000000000000000 0xffffffffffffffff

Linker script and memory map

LOAD h:/installation package/stm32cubeide/stm32cubeide_1.3.0/stm32cubeide/plugins/com.st.stm32cube.ide.mcu.externaltools.gnu-tools-for-stm32.7-2018-q2-update.win32_1.0.0.201904181610/tools/bin/../lib/gcc/arm-none-eabi/7.3.1/thumb/v7e-m/fpv4-sp/hard/crti.o
LOAD h:/installation package/stm32cubeide/stm32cubeide_1.3.0/stm32cubeide/plugins/com.st.stm32cube.ide.mcu.externaltools.gnu-tools-for-stm32.7-2018-q2-update.win32_1.0.0.201904181610/tools/bin/../lib/gcc/arm-none-eabi/7.3.1/thumb/v7e-m/fpv4-sp/hard/crtbegin.o
LOAD h:/installation package/stm32cubeide/stm32cubeide_1.3.0/stm32cubeide/plugins/com.st.stm32cube.ide.mcu.externaltools.gnu-tools-for-stm32.7-2018-q2-update.win32_1.0.0.201904181610/tools/bin/../lib/gcc/arm-none-eabi/7.3.1/../../../../arm-none-eabi/lib/thumb/v7e-m/fpv4-sp/hard/crt0.o
LOAD Core/Src/freertos.o
LOAD Core/Src/gpio.o
LOAD Core/Src/main.o
LOAD Core/Src/stm32f4xx_hal_msp.o
LOAD Core/Src/stm32f4xx_it.o
LOAD Core/Src/syscalls.o
LOAD Core/Src/sysmem.o
LOAD Core/Src/system_stm32f4xx.o
LOAD Core/Startup/startup_stm32f429zitx.o
LOAD Drivers/STM32F4xx_HAL_Driver/Src/stm32f4xx_hal.o
LOAD Drivers/STM32F4xx_HAL_Driver/Src/stm32f4xx_hal_cortex.o
LOAD Drivers/STM32F4xx_HAL_Driver/Src/stm32f4xx_hal_dma.o
LOAD Drivers/STM32F4xx_HAL_Driver/Src/stm32f4xx_hal_dma_ex.o
LOAD Drivers/STM32F4xx_HAL_Driver/Src/stm32f4xx_hal_exti.o
LOAD Drivers/STM32F4xx_HAL_Driver/Src/stm32f4xx_hal_flash.o
LOAD Drivers/STM32F4xx_HAL_Driver/Src/stm32f4xx_hal_flash_ex.o
LOAD Drivers/STM32F4xx_HAL_Driver/Src/stm32f4xx_hal_flash_ramfunc.o
LOAD Drivers/STM32F4xx_HAL_Driver/Src/stm32f4xx_hal_gpio.o
LOAD Drivers/STM32F4xx_HAL_Driver/Src/stm32f4xx_hal_pwr.o
LOAD Drivers/STM32F4xx_HAL_Driver/Src/stm32f4xx_hal_pwr_ex.o
LOAD Drivers/STM32F4xx_HAL_Driver/Src/stm32f4xx_hal_rcc.o
LOAD Drivers/STM32F4xx_HAL_Driver/Src/stm32f4xx_hal_rcc_ex.o
LOAD Drivers/STM32F4xx_HAL_Driver/Src/stm32f4xx_hal_tim.o
LOAD Drivers/STM32F4xx_HAL_Driver/Src/stm32f4xx_hal_tim_ex.o
LOAD Middlewares/Third_Party/FreeRTOS/Source/CMSIS_RTOS_V2/cmsis_os2.o
LOAD Middlewares/Third_Party/FreeRTOS/Source/croutine.o
LOAD Middlewares/Third_Party/FreeRTOS/Source/event_groups.o
LOAD Middlewares/Third_Party/FreeRTOS/Source/list.o
LOAD Middlewares/Third_Party/FreeRTOS/Source/queue.o
LOAD Middlewares/Third_Party/FreeRTOS/Source/stream_buffer.o
LOAD Middlewares/Third_Party/FreeRTOS/Source/tasks.o
LOAD Middlewares/Third_Party/FreeRTOS/Source/timers.o
LOAD Middlewares/Third_Party/FreeRTOS/Source/portable/GCC/ARM_CM4F/port.o
LOAD Middlewares/Third_Party/FreeRTOS/Source/portable/MemMang/heap_4.o
START GROUP
LOAD h:/installation package/stm32cubeide/stm32cubeide_1.3.0/stm32cubeide/plugins/com.st.stm32cube.ide.mcu.externaltools.gnu-tools-for-stm32.7-2018-q2-update.win32_1.0.0.201904181610/tools/bin/../lib/gcc/arm-none-eabi/7.3.1/../../../../arm-none-eabi/lib/thumb/v7e-m/fpv4-sp/hard\libc_nano.a
LOAD h:/installation package/stm32cubeide/stm32cubeide_1.3.0/stm32cubeide/plugins/com.st.stm32cube.ide.mcu.externaltools.gnu-tools-for-stm32.7-2018-q2-update.win32_1.0.0.201904181610/tools/bin/../lib/gcc/arm-none-eabi/7.3.1/../../../../arm-none-eabi/lib/thumb/v7e-m/fpv4-sp/hard\libm.a
END GROUP
START GROUP
LOAD h:/installation package/stm32cubeide/stm32cubeide_1.3.0/stm32cubeide/plugins/com.st.stm32cube.ide.mcu.externaltools.gnu-tools-for-stm32.7-2018-q2-update.win32_1.0.0.201904181610/tools/bin/../lib/gcc/arm-none-eabi/7.3.1/thumb/v7e-m/fpv4-sp/hard\libgcc.a
LOAD h:/installation package/stm32cubeide/stm32cubeide_1.3.0/stm32cubeide/plugins/com.st.stm32cube.ide.mcu.externaltools.gnu-tools-for-stm32.7-2018-q2-update.win32_1.0.0.201904181610/tools/bin/../lib/gcc/arm-none-eabi/7.3.1/../../../../arm-none-eabi/lib/thumb/v7e-m/fpv4-sp/hard\libc_nano.a
END GROUP
START GROUP
LOAD h:/installation package/stm32cubeide/stm32cubeide_1.3.0/stm32cubeide/plugins/com.st.stm32cube.ide.mcu.externaltools.gnu-tools-for-stm32.7-2018-q2-update.win32_1.0.0.201904181610/tools/bin/../lib/gcc/arm-none-eabi/7.3.1/thumb/v7e-m/fpv4-sp/hard\libgcc.a
LOAD h:/installation package/stm32cubeide/stm32cubeide_1.3.0/stm32cubeide/plugins/com.st.stm32cube.ide.mcu.externaltools.gnu-tools-for-stm32.7-2018-q2-update.win32_1.0.0.201904181610/tools/bin/../lib/gcc/arm-none-eabi/7.3.1/../../../../arm-none-eabi/lib/thumb/v7e-m/fpv4-sp/hard\libc_nano.a
LOAD h:/installation package/stm32cubeide/stm32cubeide_1.3.0/stm32cubeide/plugins/com.st.stm32cube.ide.mcu.externaltools.gnu-tools-for-stm32.7-2018-q2-update.win32_1.0.0.201904181610/tools/bin/../lib/gcc/arm-none-eabi/7.3.1/../../../../arm-none-eabi/lib/thumb/v7e-m/fpv4-sp/hard\libnosys.a
END GROUP
START GROUP
LOAD h:/installation package/stm32cubeide/stm32cubeide_1.3.0/stm32cubeide/plugins/com.st.stm32cube.ide.mcu.externaltools.gnu-tools-for-stm32.7-2018-q2-update.win32_1.0.0.201904181610/tools/bin/../lib/gcc/arm-none-eabi/7.3.1/thumb/v7e-m/fpv4-sp/hard\libgcc.a
LOAD h:/installation package/stm32cubeide/stm32cubeide_1.3.0/stm32cubeide/plugins/com.st.stm32cube.ide.mcu.externaltools.gnu-tools-for-stm32.7-2018-q2-update.win32_1.0.0.201904181610/tools/bin/../lib/gcc/arm-none-eabi/7.3.1/../../../../arm-none-eabi/lib/thumb/v7e-m/fpv4-sp/hard\libc_nano.a
LOAD h:/installation package/stm32cubeide/stm32cubeide_1.3.0/stm32cubeide/plugins/com.st.stm32cube.ide.mcu.externaltools.gnu-tools-for-stm32.7-2018-q2-update.win32_1.0.0.201904181610/tools/bin/../lib/gcc/arm-none-eabi/7.3.1/../../../../arm-none-eabi/lib/thumb/v7e-m/fpv4-sp/hard\libnosys.a
END GROUP
LOAD h:/installation package/stm32cubeide/stm32cubeide_1.3.0/stm32cubeide/plugins/com.st.stm32cube.ide.mcu.externaltools.gnu-tools-for-stm32.7-2018-q2-update.win32_1.0.0.201904181610/tools/bin/../lib/gcc/arm-none-eabi/7.3.1/thumb/v7e-m/fpv4-sp/hard/crtend.o
LOAD h:/installation package/stm32cubeide/stm32cubeide_1.3.0/stm32cubeide/plugins/com.st.stm32cube.ide.mcu.externaltools.gnu-tools-for-stm32.7-2018-q2-update.win32_1.0.0.201904181610/tools/bin/../lib/gcc/arm-none-eabi/7.3.1/thumb/v7e-m/fpv4-sp/hard/crtn.o
                0x0000000020030000                _estack = (ORIGIN (RAM) + LENGTH (RAM))
                0x0000000000000200                _Min_Heap_Size = 0x200
                0x0000000000000400                _Min_Stack_Size = 0x400

.isr_vector     0x0000000008000000      0x1ac
                0x0000000008000000                . = ALIGN (0x4)
 *(.isr_vector)
 .isr_vector    0x0000000008000000      0x1ac Core/Startup/startup_stm32f429zitx.o
                0x0000000008000000                g_pfnVectors
                0x00000000080001ac                . = ALIGN (0x4)

.text           0x00000000080001b0     0x4034
                0x00000000080001b0                . = ALIGN (0x4)
 *(.text)
 .text          0x00000000080001b0       0x40 h:/installation package/stm32cubeide/stm32cubeide_1.3.0/stm32cubeide/plugins/com.st.stm32cube.ide.mcu.externaltools.gnu-tools-for-stm32.7-2018-q2-update.win32_1.0.0.201904181610/tools/bin/../lib/gcc/arm-none-eabi/7.3.1/thumb/v7e-m/fpv4-sp/hard/crtbegin.o
 .text          0x00000000080001f0       0x30 h:/installation package/stm32cubeide/stm32cubeide_1.3.0/stm32cubeide/plugins/com.st.stm32cube.ide.mcu.externaltools.gnu-tools-for-stm32.7-2018-q2-update.win32_1.0.0.201904181610/tools/bin/../lib/gcc/arm-none-eabi/7.3.1/thumb/v7e-m/fpv4-sp/hard\libgcc.a(_aeabi_uldivmod.o)
                0x00000000080001f0                __aeabi_uldivmod
 .text          0x0000000008000220      0x2cc h:/installation package/stm32cubeide/stm32cubeide_1.3.0/stm32cubeide/plugins/com.st.stm32cube.ide.mcu.externaltools.gnu-tools-for-stm32.7-2018-q2-update.win32_1.0.0.201904181610/tools/bin/../lib/gcc/arm-none-eabi/7.3.1/thumb/v7e-m/fpv4-sp/hard\libgcc.a(_udivmoddi4.o)
                0x0000000008000220                __udivmoddi4
 .text          0x00000000080004ec        0x4 h:/installation package/stm32cubeide/stm32cubeide_1.3.0/stm32cubeide/plugins/com.st.stm32cube.ide.mcu.externaltools.gnu-tools-for-stm32.7-2018-q2-update.win32_1.0.0.201904181610/tools/bin/../lib/gcc/arm-none-eabi/7.3.1/thumb/v7e-m/fpv4-sp/hard\libgcc.a(_dvmd_tls.o)
                0x00000000080004ec                __aeabi_idiv0
                0x00000000080004ec                __aeabi_ldiv0
 *(.text*)
 .text.MX_FREERTOS_Init
                0x00000000080004f0       0x5c Core/Src/freertos.o
                0x00000000080004f0                MX_FREERTOS_Init
 .text.StartDefaultTask
                0x000000000800054c       0x10 Core/Src/freertos.o
                0x000000000800054c                StartDefaultTask
 .text.StartTask02
                0x000000000800055c       0x1c Core/Src/freertos.o
                0x000000000800055c                StartTask02
 .text.StartTask03
                0x0000000008000578       0x20 Core/Src/freertos.o
                0x0000000008000578                StartTask03
 .text.MX_GPIO_Init
                0x0000000008000598       0x68 Core/Src/gpio.o
                0x0000000008000598                MX_GPIO_Init
 .text.main     0x0000000008000600       0x1e Core/Src/main.o
                0x0000000008000600                main
 *fill*         0x000000000800061e        0x2 
 .text.SystemClock_Config
                0x0000000008000620       0xc0 Core/Src/main.o
                0x0000000008000620                SystemClock_Config
 .text.Error_Handler
                0x00000000080006e0        0xe Core/Src/main.o
                0x00000000080006e0                Error_Handler
 *fill*         0x00000000080006ee        0x2 
 .text.HAL_MspInit
                0x00000000080006f0       0x58 Core/Src/stm32f4xx_hal_msp.o
                0x00000000080006f0                HAL_MspInit
 .text.NMI_Handler
                0x0000000008000748        0xe Core/Src/stm32f4xx_it.o
                0x0000000008000748                NMI_Handler
 .text.HardFault_Handler
                0x0000000008000756        0x6 Core/Src/stm32f4xx_it.o
                0x0000000008000756                HardFault_Handler
 .text.MemManage_Handler
                0x000000000800075c        0x6 Core/Src/stm32f4xx_it.o
                0x000000000800075c                MemManage_Handler
 .text.BusFault_Handler
                0x0000000008000762        0x6 Core/Src/stm32f4xx_it.o
                0x0000000008000762                BusFault_Handler
 .text.UsageFault_Handler
                0x0000000008000768        0x6 Core/Src/stm32f4xx_it.o
                0x0000000008000768                UsageFault_Handler
 .text.DebugMon_Handler
                0x000000000800076e        0xe Core/Src/stm32f4xx_it.o
                0x000000000800076e                DebugMon_Handler
 .text.SysTick_Handler
                0x000000000800077c       0x1a Core/Src/stm32f4xx_it.o
                0x000000000800077c                SysTick_Handler
 *fill*         0x0000000008000796        0x2 
 .text.SystemInit
                0x0000000008000798       0x2c Core/Src/system_stm32f4xx.o
                0x0000000008000798                SystemInit
 .text.Reset_Handler
                0x00000000080007c4       0x50 Core/Startup/startup_stm32f429zitx.o
                0x00000000080007c4                Reset_Handler
 .text.Default_Handler
                0x0000000008000814        0x2 Core/Startup/startup_stm32f429zitx.o
                0x0000000008000814                RTC_Alarm_IRQHandler
                0x0000000008000814                HASH_RNG_IRQHandler
                0x0000000008000814                EXTI2_IRQHandler
                0x0000000008000814                TIM8_CC_IRQHandler
                0x0000000008000814                UART8_IRQHandler
                0x0000000008000814                SPI4_IRQHandler
                0x0000000008000814                TIM1_CC_IRQHandler
                0x0000000008000814                DMA2_Stream5_IRQHandler
                0x0000000008000814                DMA1_Stream5_IRQHandler
                0x0000000008000814                PVD_IRQHandler
                0x0000000008000814                SDIO_IRQHandler
                0x0000000008000814                TAMP_STAMP_IRQHandler
                0x0000000008000814                CAN2_RX1_IRQHandler
                0x0000000008000814                EXTI3_IRQHandler
                0x0000000008000814                TIM8_TRG_COM_TIM14_IRQHandler
                0x0000000008000814                TIM1_UP_TIM10_IRQHandler
                0x0000000008000814                TIM8_UP_TIM13_IRQHandler
                0x0000000008000814                I2C3_ER_IRQHandler
                0x0000000008000814                EXTI0_IRQHandler
                0x0000000008000814                I2C2_EV_IRQHandler
                0x0000000008000814                DMA1_Stream2_IRQHandler
                0x0000000008000814                CAN1_RX0_IRQHandler
                0x0000000008000814                FPU_IRQHandler
                0x0000000008000814                OTG_HS_WKUP_IRQHandler
                0x0000000008000814                LTDC_ER_IRQHandler
                0x0000000008000814                CAN2_SCE_IRQHandler
                0x0000000008000814                DMA2_Stream2_IRQHandler
                0x0000000008000814                SPI1_IRQHandler
                0x0000000008000814                TIM6_DAC_IRQHandler
                0x0000000008000814                TIM1_BRK_TIM9_IRQHandler
                0x0000000008000814                DCMI_IRQHandler
                0x0000000008000814                CAN2_RX0_IRQHandler
                0x0000000008000814                DMA2_Stream3_IRQHandler
                0x0000000008000814                USART6_IRQHandler
                0x0000000008000814                USART3_IRQHandler
                0x0000000008000814                CAN1_RX1_IRQHandler
                0x0000000008000814                UART5_IRQHandler
                0x0000000008000814                DMA2_Stream0_IRQHandler
                0x0000000008000814                TIM4_IRQHandler
                0x0000000008000814                I2C1_EV_IRQHandler
                0x0000000008000814                DMA1_Stream6_IRQHandler
                0x0000000008000814                DMA1_Stream1_IRQHandler
                0x0000000008000814                UART4_IRQHandler
                0x0000000008000814                TIM3_IRQHandler
                0x0000000008000814                RCC_IRQHandler
                0x0000000008000814                TIM8_BRK_TIM12_IRQHandler
                0x0000000008000814                Default_Handler
                0x0000000008000814                EXTI15_10_IRQHandler
                0x0000000008000814                ADC_IRQHandler
                0x0000000008000814                DMA1_Stream7_IRQHandler
                0x0000000008000814                SPI5_IRQHandler
                0x0000000008000814                TIM7_IRQHandler
                0x0000000008000814                CAN2_TX_IRQHandler
                0x0000000008000814                TIM5_IRQHandler
                0x0000000008000814                DMA2_Stream7_IRQHandler
                0x0000000008000814                I2C3_EV_IRQHandler
                0x0000000008000814                EXTI9_5_IRQHandler
                0x0000000008000814                RTC_WKUP_IRQHandler
                0x0000000008000814                LTDC_IRQHandler
                0x0000000008000814                ETH_WKUP_IRQHandler
                0x0000000008000814                SPI2_IRQHandler
                0x0000000008000814                OTG_HS_EP1_IN_IRQHandler
                0x0000000008000814                DMA1_Stream0_IRQHandler
                0x0000000008000814                CAN1_TX_IRQHandler
                0x0000000008000814                EXTI4_IRQHandler
                0x0000000008000814                ETH_IRQHandler
                0x0000000008000814                OTG_HS_EP1_OUT_IRQHandler
                0x0000000008000814                WWDG_IRQHandler
                0x0000000008000814                SPI6_IRQHandler
                0x0000000008000814                TIM2_IRQHandler
                0x0000000008000814                OTG_FS_WKUP_IRQHandler
                0x0000000008000814                TIM1_TRG_COM_TIM11_IRQHandler
                0x0000000008000814                OTG_HS_IRQHandler
                0x0000000008000814                DMA2D_IRQHandler
                0x0000000008000814                EXTI1_IRQHandler
                0x0000000008000814                UART7_IRQHandler
                0x0000000008000814                USART2_IRQHandler
                0x0000000008000814                I2C2_ER_IRQHandler
                0x0000000008000814                DMA2_Stream1_IRQHandler
                0x0000000008000814                CAN1_SCE_IRQHandler
                0x0000000008000814                FLASH_IRQHandler
                0x0000000008000814                DMA2_Stream4_IRQHandler
                0x0000000008000814                USART1_IRQHandler
                0x0000000008000814                OTG_FS_IRQHandler
                0x0000000008000814                SPI3_IRQHandler
                0x0000000008000814                DMA1_Stream4_IRQHandler
                0x0000000008000814                I2C1_ER_IRQHandler
                0x0000000008000814                FMC_IRQHandler
                0x0000000008000814                DMA2_Stream6_IRQHandler
                0x0000000008000814                SAI1_IRQHandler
                0x0000000008000814                DMA1_Stream3_IRQHandler
 *fill*         0x0000000008000816        0x2 
 .text.HAL_Init
                0x0000000008000818       0x44 Drivers/STM32F4xx_HAL_Driver/Src/stm32f4xx_hal.o
                0x0000000008000818                HAL_Init
 .text.HAL_InitTick
                0x000000000800085c       0x60 Drivers/STM32F4xx_HAL_Driver/Src/stm32f4xx_hal.o
                0x000000000800085c                HAL_InitTick
 .text.HAL_IncTick
                0x00000000080008bc       0x28 Drivers/STM32F4xx_HAL_Driver/Src/stm32f4xx_hal.o
                0x00000000080008bc                HAL_IncTick
 .text.HAL_GetTick
                0x00000000080008e4       0x18 Drivers/STM32F4xx_HAL_Driver/Src/stm32f4xx_hal.o
                0x00000000080008e4                HAL_GetTick
 .text.HAL_Delay
                0x00000000080008fc       0x44 Drivers/STM32F4xx_HAL_Driver/Src/stm32f4xx_hal.o
                0x00000000080008fc                HAL_Delay
 .text.__NVIC_SetPriorityGrouping
                0x0000000008000940       0x48 Drivers/STM32F4xx_HAL_Driver/Src/stm32f4xx_hal_cortex.o
 .text.__NVIC_GetPriorityGrouping
                0x0000000008000988       0x1c Drivers/STM32F4xx_HAL_Driver/Src/stm32f4xx_hal_cortex.o
 .text.__NVIC_SetPriority
                0x00000000080009a4       0x54 Drivers/STM32F4xx_HAL_Driver/Src/stm32f4xx_hal_cortex.o
 .text.NVIC_EncodePriority
                0x00000000080009f8       0x66 Drivers/STM32F4xx_HAL_Driver/Src/stm32f4xx_hal_cortex.o
 *fill*         0x0000000008000a5e        0x2 
 .text.SysTick_Config
                0x0000000008000a60       0x44 Drivers/STM32F4xx_HAL_Driver/Src/stm32f4xx_hal_cortex.o
 .text.HAL_NVIC_SetPriorityGrouping
                0x0000000008000aa4       0x16 Drivers/STM32F4xx_HAL_Driver/Src/stm32f4xx_hal_cortex.o
                0x0000000008000aa4                HAL_NVIC_SetPriorityGrouping
 .text.HAL_NVIC_SetPriority
                0x0000000008000aba       0x38 Drivers/STM32F4xx_HAL_Driver/Src/stm32f4xx_hal_cortex.o
                0x0000000008000aba                HAL_NVIC_SetPriority
 .text.HAL_SYSTICK_Config
                0x0000000008000af2       0x18 Drivers/STM32F4xx_HAL_Driver/Src/stm32f4xx_hal_cortex.o
                0x0000000008000af2                HAL_SYSTICK_Config
 *fill*         0x0000000008000b0a        0x2 
 .text.HAL_GPIO_Init
                0x0000000008000b0c      0x354 Drivers/STM32F4xx_HAL_Driver/Src/stm32f4xx_hal_gpio.o
                0x0000000008000b0c                HAL_GPIO_Init
 .text.HAL_GPIO_WritePin
                0x0000000008000e60       0x32 Drivers/STM32F4xx_HAL_Driver/Src/stm32f4xx_hal_gpio.o
                0x0000000008000e60                HAL_GPIO_WritePin
 .text.HAL_GPIO_TogglePin
                0x0000000008000e92       0x36 Drivers/STM32F4xx_HAL_Driver/Src/stm32f4xx_hal_gpio.o
                0x0000000008000e92                HAL_GPIO_TogglePin
 .text.HAL_RCC_OscConfig
                0x0000000008000ec8      0x4e0 Drivers/STM32F4xx_HAL_Driver/Src/stm32f4xx_hal_rcc.o
                0x0000000008000ec8                HAL_RCC_OscConfig
 .text.HAL_RCC_ClockConfig
                0x00000000080013a8      0x1cc Drivers/STM32F4xx_HAL_Driver/Src/stm32f4xx_hal_rcc.o
                0x00000000080013a8                HAL_RCC_ClockConfig
 .text.HAL_RCC_GetSysClockFreq
                0x0000000008001574      0x164 Drivers/STM32F4xx_HAL_Driver/Src/stm32f4xx_hal_rcc.o
                0x0000000008001574                HAL_RCC_GetSysClockFreq
 .text.SVC_Setup
                0x00000000080016d8        0xe Middlewares/Third_Party/FreeRTOS/Source/CMSIS_RTOS_V2/cmsis_os2.o
 *fill*         0x00000000080016e6        0x2 
 .text.osKernelInitialize
                0x00000000080016e8       0x68 Middlewares/Third_Party/FreeRTOS/Source/CMSIS_RTOS_V2/cmsis_os2.o
                0x00000000080016e8                osKernelInitialize
 .text.osKernelStart
                0x0000000008001750       0x6c Middlewares/Third_Party/FreeRTOS/Source/CMSIS_RTOS_V2/cmsis_os2.o
                0x0000000008001750                osKernelStart
 .text.osThreadNew
                0x00000000080017bc      0x14c Middlewares/Third_Party/FreeRTOS/Source/CMSIS_RTOS_V2/cmsis_os2.o
                0x00000000080017bc                osThreadNew
 .text.osDelay  0x0000000008001908       0x5c Middlewares/Third_Party/FreeRTOS/Source/CMSIS_RTOS_V2/cmsis_os2.o
                0x0000000008001908                osDelay
 .text.vApplicationGetIdleTaskMemory
                0x0000000008001964       0x34 Middlewares/Third_Party/FreeRTOS/Source/CMSIS_RTOS_V2/cmsis_os2.o
                0x0000000008001964                vApplicationGetIdleTaskMemory
 .text.vApplicationGetTimerTaskMemory
                0x0000000008001998       0x34 Middlewares/Third_Party/FreeRTOS/Source/CMSIS_RTOS_V2/cmsis_os2.o
                0x0000000008001998                vApplicationGetTimerTaskMemory
 .text.vListInitialise
                0x00000000080019cc       0x40 Middlewares/Third_Party/FreeRTOS/Source/list.o
                0x00000000080019cc                vListInitialise
 .text.vListInitialiseItem
                0x0000000008001a0c       0x1a Middlewares/Third_Party/FreeRTOS/Source/list.o
                0x0000000008001a0c                vListInitialiseItem
 .text.vListInsertEnd
                0x0000000008001a26       0x48 Middlewares/Third_Party/FreeRTOS/Source/list.o
                0x0000000008001a26                vListInsertEnd
 .text.vListInsert
                0x0000000008001a6e       0x72 Middlewares/Third_Party/FreeRTOS/Source/list.o
                0x0000000008001a6e                vListInsert
 .text.uxListRemove
                0x0000000008001ae0       0x54 Middlewares/Third_Party/FreeRTOS/Source/list.o
                0x0000000008001ae0                uxListRemove
 .text.xQueueGenericReset
                0x0000000008001b34       0xd0 Middlewares/Third_Party/FreeRTOS/Source/queue.o
                0x0000000008001b34                xQueueGenericReset
 .text.xQueueGenericCreateStatic
                0x0000000008001c04       0xe6 Middlewares/Third_Party/FreeRTOS/Source/queue.o
                0x0000000008001c04                xQueueGenericCreateStatic
 .text.prvInitialiseNewQueue
                0x0000000008001cea       0x46 Middlewares/Third_Party/FreeRTOS/Source/queue.o
 .text.xQueueGenericSend
                0x0000000008001d30      0x1f4 Middlewares/Third_Party/FreeRTOS/Source/queue.o
                0x0000000008001d30                xQueueGenericSend
 .text.xQueueGenericSendFromISR
                0x0000000008001f24      0x128 Middlewares/Third_Party/FreeRTOS/Source/queue.o
                0x0000000008001f24                xQueueGenericSendFromISR
 .text.xQueueReceive
                0x000000000800204c      0x1b8 Middlewares/Third_Party/FreeRTOS/Source/queue.o
                0x000000000800204c                xQueueReceive
 .text.prvCopyDataToQueue
                0x0000000008002204       0xd4 Middlewares/Third_Party/FreeRTOS/Source/queue.o
 .text.prvCopyDataFromQueue
                0x00000000080022d8       0x4c Middlewares/Third_Party/FreeRTOS/Source/queue.o
 .text.prvUnlockQueue
                0x0000000008002324       0xa4 Middlewares/Third_Party/FreeRTOS/Source/queue.o
 .text.prvIsQueueEmpty
                0x00000000080023c8       0x2c Middlewares/Third_Party/FreeRTOS/Source/queue.o
 .text.prvIsQueueFull
                0x00000000080023f4       0x30 Middlewares/Third_Party/FreeRTOS/Source/queue.o
 .text.vQueueAddToRegistry
                0x0000000008002424       0x50 Middlewares/Third_Party/FreeRTOS/Source/queue.o
                0x0000000008002424                vQueueAddToRegistry
 .text.vQueueWaitForMessageRestricted
                0x0000000008002474       0x68 Middlewares/Third_Party/FreeRTOS/Source/queue.o
                0x0000000008002474                vQueueWaitForMessageRestricted
 .text.xTaskCreateStatic
                0x00000000080024dc       0xb4 Middlewares/Third_Party/FreeRTOS/Source/tasks.o
                0x00000000080024dc                xTaskCreateStatic
 .text.xTaskCreate
                0x0000000008002590       0x8a Middlewares/Third_Party/FreeRTOS/Source/tasks.o
                0x0000000008002590                xTaskCreate
 .text.prvInitialiseNewTask
                0x000000000800261a      0x11c Middlewares/Third_Party/FreeRTOS/Source/tasks.o
 *fill*         0x0000000008002736        0x2 
 .text.prvAddNewTaskToReadyList
                0x0000000008002738       0xe0 Middlewares/Third_Party/FreeRTOS/Source/tasks.o
 .text.vTaskDelay
                0x0000000008002818       0x68 Middlewares/Third_Party/FreeRTOS/Source/tasks.o
                0x0000000008002818                vTaskDelay
 .text.vTaskStartScheduler
                0x0000000008002880       0xc8 Middlewares/Third_Party/FreeRTOS/Source/tasks.o
                0x0000000008002880                vTaskStartScheduler
 .text.vTaskSuspendAll
                0x0000000008002948       0x1c Middlewares/Third_Party/FreeRTOS/Source/tasks.o
                0x0000000008002948                vTaskSuspendAll
 .text.xTaskResumeAll
                0x0000000008002964      0x138 Middlewares/Third_Party/FreeRTOS/Source/tasks.o
                0x0000000008002964                xTaskResumeAll
 .text.xTaskGetTickCount
                0x0000000008002a9c       0x20 Middlewares/Third_Party/FreeRTOS/Source/tasks.o
                0x0000000008002a9c                xTaskGetTickCount
 .text.xTaskIncrementTick
                0x0000000008002abc      0x170 Middlewares/Third_Party/FreeRTOS/Source/tasks.o
                0x0000000008002abc                xTaskIncrementTick
 .text.vTaskSwitchContext
                0x0000000008002c2c       0xb8 Middlewares/Third_Party/FreeRTOS/Source/tasks.o
                0x0000000008002c2c                vTaskSwitchContext
 .text.vTaskPlaceOnEventList
                0x0000000008002ce4       0x48 Middlewares/Third_Party/FreeRTOS/Source/tasks.o
                0x0000000008002ce4                vTaskPlaceOnEventList
 .text.vTaskPlaceOnEventListRestricted
                0x0000000008002d2c       0x54 Middlewares/Third_Party/FreeRTOS/Source/tasks.o
                0x0000000008002d2c                vTaskPlaceOnEventListRestricted
 .text.xTaskRemoveFromEventList
                0x0000000008002d80       0xc4 Middlewares/Third_Party/FreeRTOS/Source/tasks.o
                0x0000000008002d80                xTaskRemoveFromEventList
 .text.vTaskInternalSetTimeOutState
                0x0000000008002e44       0x2c Middlewares/Third_Party/FreeRTOS/Source/tasks.o
                0x0000000008002e44                vTaskInternalSetTimeOutState
 .text.xTaskCheckForTimeOut
                0x0000000008002e70       0xc0 Middlewares/Third_Party/FreeRTOS/Source/tasks.o
                0x0000000008002e70                xTaskCheckForTimeOut
 .text.vTaskMissedYield
                0x0000000008002f30       0x18 Middlewares/Third_Party/FreeRTOS/Source/tasks.o
                0x0000000008002f30                vTaskMissedYield
 .text.prvIdleTask
                0x0000000008002f48       0x30 Middlewares/Third_Party/FreeRTOS/Source/tasks.o
 .text.prvInitialiseTaskLists
                0x0000000008002f78       0x80 Middlewares/Third_Party/FreeRTOS/Source/tasks.o
 .text.prvCheckTasksWaitingTermination
                0x0000000008002ff8       0x58 Middlewares/Third_Party/FreeRTOS/Source/tasks.o
 .text.prvDeleteTCB
                0x0000000008003050       0x5c Middlewares/Third_Party/FreeRTOS/Source/tasks.o
 .text.prvResetNextTaskUnblockTime
                0x00000000080030ac       0x40 Middlewares/Third_Party/FreeRTOS/Source/tasks.o
 .text.xTaskGetSchedulerState
                0x00000000080030ec       0x3c Middlewares/Third_Party/FreeRTOS/Source/tasks.o
                0x00000000080030ec                xTaskGetSchedulerState
 .text.xTaskPriorityDisinherit
                0x0000000008003128       0xd8 Middlewares/Third_Party/FreeRTOS/Source/tasks.o
                0x0000000008003128                xTaskPriorityDisinherit
 .text.prvAddCurrentTaskToDelayedList
                0x0000000008003200       0xa8 Middlewares/Third_Party/FreeRTOS/Source/tasks.o
 .text.xTimerCreateTimerTask
                0x00000000080032a8       0x90 Middlewares/Third_Party/FreeRTOS/Source/timers.o
                0x00000000080032a8                xTimerCreateTimerTask
 .text.xTimerGenericCommand
                0x0000000008003338       0x98 Middlewares/Third_Party/FreeRTOS/Source/timers.o
                0x0000000008003338                xTimerGenericCommand
 .text.prvProcessExpiredTimer
                0x00000000080033d0       0x98 Middlewares/Third_Party/FreeRTOS/Source/timers.o
 .text.prvTimerTask
                0x0000000008003468       0x24 Middlewares/Third_Party/FreeRTOS/Source/timers.o
 .text.prvProcessTimerOrBlockTask
                0x000000000800348c       0x9c Middlewares/Third_Party/FreeRTOS/Source/timers.o
 .text.prvGetNextExpireTime
                0x0000000008003528       0x48 Middlewares/Third_Party/FreeRTOS/Source/timers.o
 .text.prvSampleTimeNow
                0x0000000008003570       0x40 Middlewares/Third_Party/FreeRTOS/Source/timers.o
 .text.prvInsertTimerInActiveList
                0x00000000080035b0       0x84 Middlewares/Third_Party/FreeRTOS/Source/timers.o
 .text.prvProcessReceivedCommands
                0x0000000008003634      0x1b8 Middlewares/Third_Party/FreeRTOS/Source/timers.o
 .text.prvSwitchTimerLists
                0x00000000080037ec       0xc8 Middlewares/Third_Party/FreeRTOS/Source/timers.o
 .text.prvCheckForValidListAndQueue
                0x00000000080038b4       0x80 Middlewares/Third_Party/FreeRTOS/Source/timers.o
 .text.pxPortInitialiseStack
                0x0000000008003934       0x68 Middlewares/Third_Party/FreeRTOS/Source/portable/GCC/ARM_CM4F/port.o
                0x0000000008003934                pxPortInitialiseStack
 .text.prvTaskExitError
                0x000000000800399c       0x54 Middlewares/Third_Party/FreeRTOS/Source/portable/GCC/ARM_CM4F/port.o
 .text.SVC_Handler
                0x00000000080039f0       0x28 Middlewares/Third_Party/FreeRTOS/Source/portable/GCC/ARM_CM4F/port.o
                0x00000000080039f0                SVC_Handler
 .text.prvPortStartFirstTask
                0x0000000008003a18       0x28 Middlewares/Third_Party/FreeRTOS/Source/portable/GCC/ARM_CM4F/port.o
 .text.xPortStartScheduler
                0x0000000008003a40      0x13c Middlewares/Third_Party/FreeRTOS/Source/portable/GCC/ARM_CM4F/port.o
                0x0000000008003a40                xPortStartScheduler
 .text.vPortEnterCritical
                0x0000000008003b7c       0x5c Middlewares/Third_Party/FreeRTOS/Source/portable/GCC/ARM_CM4F/port.o
                0x0000000008003b7c                vPortEnterCritical
 .text.vPortExitCritical
                0x0000000008003bd8       0x50 Middlewares/Third_Party/FreeRTOS/Source/portable/GCC/ARM_CM4F/port.o
                0x0000000008003bd8                vPortExitCritical
 *fill*         0x0000000008003c28        0x8 
 .text.PendSV_Handler
                0x0000000008003c30       0x68 Middlewares/Third_Party/FreeRTOS/Source/portable/GCC/ARM_CM4F/port.o
                0x0000000008003c30                PendSV_Handler
 .text.xPortSysTickHandler
                0x0000000008003c98       0x40 Middlewares/Third_Party/FreeRTOS/Source/portable/GCC/ARM_CM4F/port.o
                0x0000000008003c98                xPortSysTickHandler
 .text.vPortSetupTimerInterrupt
                0x0000000008003cd8       0x48 Middlewares/Third_Party/FreeRTOS/Source/portable/GCC/ARM_CM4F/port.o
                0x0000000008003cd8                vPortSetupTimerInterrupt
 .text.vPortEnableVFP
                0x0000000008003d20       0x14 Middlewares/Third_Party/FreeRTOS/Source/portable/GCC/ARM_CM4F/port.o
 .text.vPortValidateInterruptPriority
                0x0000000008003d34       0x7c Middlewares/Third_Party/FreeRTOS/Source/portable/GCC/ARM_CM4F/port.o
                0x0000000008003d34                vPortValidateInterruptPriority
 .text.pvPortMalloc
                0x0000000008003db0      0x184 Middlewares/Third_Party/FreeRTOS/Source/portable/MemMang/heap_4.o
                0x0000000008003db0                pvPortMalloc
 .text.vPortFree
                0x0000000008003f34       0xb0 Middlewares/Third_Party/FreeRTOS/Source/portable/MemMang/heap_4.o
                0x0000000008003f34                vPortFree
 .text.prvHeapInit
                0x0000000008003fe4       0xc4 Middlewares/Third_Party/FreeRTOS/Source/portable/MemMang/heap_4.o
 .text.prvInsertBlockIntoFreeList
                0x00000000080040a8       0xb4 Middlewares/Third_Party/FreeRTOS/Source/portable/MemMang/heap_4.o
 .text.__libc_init_array
                0x000000000800415c       0x48 h:/installation package/stm32cubeide/stm32cubeide_1.3.0/stm32cubeide/plugins/com.st.stm32cube.ide.mcu.externaltools.gnu-tools-for-stm32.7-2018-q2-update.win32_1.0.0.201904181610/tools/bin/../lib/gcc/arm-none-eabi/7.3.1/../../../../arm-none-eabi/lib/thumb/v7e-m/fpv4-sp/hard\libc_nano.a(lib_a-init.o)
                0x000000000800415c                __libc_init_array
 .text.memcpy   0x00000000080041a4       0x16 h:/installation package/stm32cubeide/stm32cubeide_1.3.0/stm32cubeide/plugins/com.st.stm32cube.ide.mcu.externaltools.gnu-tools-for-stm32.7-2018-q2-update.win32_1.0.0.201904181610/tools/bin/../lib/gcc/arm-none-eabi/7.3.1/../../../../arm-none-eabi/lib/thumb/v7e-m/fpv4-sp/hard\libc_nano.a(lib_a-memcpy-stub.o)
                0x00000000080041a4                memcpy
 .text.memset   0x00000000080041ba       0x10 h:/installation package/stm32cubeide/stm32cubeide_1.3.0/stm32cubeide/plugins/com.st.stm32cube.ide.mcu.externaltools.gnu-tools-for-stm32.7-2018-q2-update.win32_1.0.0.201904181610/tools/bin/../lib/gcc/arm-none-eabi/7.3.1/../../../../arm-none-eabi/lib/thumb/v7e-m/fpv4-sp/hard\libc_nano.a(lib_a-memset.o)
                0x00000000080041ba                memset
 *(.glue_7)
 .glue_7        0x00000000080041ca        0x0 linker stubs
 *(.glue_7t)
 .glue_7t       0x00000000080041ca        0x0 linker stubs
 *(.eh_frame)
 *fill*         0x00000000080041ca        0x2 
 .eh_frame      0x00000000080041cc        0x0 h:/installation package/stm32cubeide/stm32cubeide_1.3.0/stm32cubeide/plugins/com.st.stm32cube.ide.mcu.externaltools.gnu-tools-for-stm32.7-2018-q2-update.win32_1.0.0.201904181610/tools/bin/../lib/gcc/arm-none-eabi/7.3.1/thumb/v7e-m/fpv4-sp/hard/crtbegin.o
 *(.init)
 .init          0x00000000080041cc        0x4 h:/installation package/stm32cubeide/stm32cubeide_1.3.0/stm32cubeide/plugins/com.st.stm32cube.ide.mcu.externaltools.gnu-tools-for-stm32.7-2018-q2-update.win32_1.0.0.201904181610/tools/bin/../lib/gcc/arm-none-eabi/7.3.1/thumb/v7e-m/fpv4-sp/hard/crti.o
                0x00000000080041cc                _init
 .init          0x00000000080041d0        0x8 h:/installation package/stm32cubeide/stm32cubeide_1.3.0/stm32cubeide/plugins/com.st.stm32cube.ide.mcu.externaltools.gnu-tools-for-stm32.7-2018-q2-update.win32_1.0.0.201904181610/tools/bin/../lib/gcc/arm-none-eabi/7.3.1/thumb/v7e-m/fpv4-sp/hard/crtn.o
 *(.fini)
 .fini          0x00000000080041d8        0x4 h:/installation package/stm32cubeide/stm32cubeide_1.3.0/stm32cubeide/plugins/com.st.stm32cube.ide.mcu.externaltools.gnu-tools-for-stm32.7-2018-q2-update.win32_1.0.0.201904181610/tools/bin/../lib/gcc/arm-none-eabi/7.3.1/thumb/v7e-m/fpv4-sp/hard/crti.o
                0x00000000080041d8                _fini
 .fini          0x00000000080041dc        0x8 h:/installation package/stm32cubeide/stm32cubeide_1.3.0/stm32cubeide/plugins/com.st.stm32cube.ide.mcu.externaltools.gnu-tools-for-stm32.7-2018-q2-update.win32_1.0.0.201904181610/tools/bin/../lib/gcc/arm-none-eabi/7.3.1/thumb/v7e-m/fpv4-sp/hard/crtn.o
                0x00000000080041e4                . = ALIGN (0x4)
                0x00000000080041e4                _etext = .

.vfp11_veneer   0x00000000080041e4        0x0
 .vfp11_veneer  0x00000000080041e4        0x0 linker stubs

.v4_bx          0x00000000080041e4        0x0
 .v4_bx         0x00000000080041e4        0x0 linker stubs

.iplt           0x00000000080041e4        0x0
 .iplt          0x00000000080041e4        0x0 h:/installation package/stm32cubeide/stm32cubeide_1.3.0/stm32cubeide/plugins/com.st.stm32cube.ide.mcu.externaltools.gnu-tools-for-stm32.7-2018-q2-update.win32_1.0.0.201904181610/tools/bin/../lib/gcc/arm-none-eabi/7.3.1/thumb/v7e-m/fpv4-sp/hard/crtbegin.o

.rodata         0x00000000080041e4       0xb8
                0x00000000080041e4                . = ALIGN (0x4)
 *(.rodata)
 .rodata        0x00000000080041e4       0x21 Core/Src/freertos.o
 *fill*         0x0000000008004205        0x3 
 .rodata        0x0000000008004208        0x5 Middlewares/Third_Party/FreeRTOS/Source/tasks.o
 *fill*         0x000000000800420d        0x3 
 .rodata        0x0000000008004210        0xd Middlewares/Third_Party/FreeRTOS/Source/timers.o
 *(.rodata*)
 *fill*         0x000000000800421d        0x3 
 .rodata.defaultTask_attributes
                0x0000000008004220       0x24 Core/Src/freertos.o
                0x0000000008004220                defaultTask_attributes
 .rodata.myTask02_attributes
                0x0000000008004244       0x24 Core/Src/freertos.o
                0x0000000008004244                myTask02_attributes
 .rodata.myTask03_attributes
                0x0000000008004268       0x24 Core/Src/freertos.o
                0x0000000008004268                myTask03_attributes
 .rodata.AHBPrescTable
                0x000000000800428c       0x10 Core/Src/system_stm32f4xx.o
                0x000000000800428c                AHBPrescTable
                0x000000000800429c                . = ALIGN (0x4)

.ARM.extab      0x000000000800429c        0x0
                0x000000000800429c                . = ALIGN (0x4)
 *(.ARM.extab* .gnu.linkonce.armextab.*)
                0x000000000800429c                . = ALIGN (0x4)

.ARM            0x000000000800429c        0x8
                0x000000000800429c                . = ALIGN (0x4)
                0x000000000800429c                __exidx_start = .
 *(.ARM.exidx*)
 .ARM.exidx     0x000000000800429c        0x8 h:/installation package/stm32cubeide/stm32cubeide_1.3.0/stm32cubeide/plugins/com.st.stm32cube.ide.mcu.externaltools.gnu-tools-for-stm32.7-2018-q2-update.win32_1.0.0.201904181610/tools/bin/../lib/gcc/arm-none-eabi/7.3.1/thumb/v7e-m/fpv4-sp/hard\libgcc.a(_udivmoddi4.o)
                0x00000000080042a4                __exidx_end = .
                0x00000000080042a4                . = ALIGN (0x4)

.rel.dyn        0x00000000080042a4        0x0
 .rel.iplt      0x00000000080042a4        0x0 h:/installation package/stm32cubeide/stm32cubeide_1.3.0/stm32cubeide/plugins/com.st.stm32cube.ide.mcu.externaltools.gnu-tools-for-stm32.7-2018-q2-update.win32_1.0.0.201904181610/tools/bin/../lib/gcc/arm-none-eabi/7.3.1/thumb/v7e-m/fpv4-sp/hard/crtbegin.o

.preinit_array  0x00000000080042a4        0x0
                0x00000000080042a4                . = ALIGN (0x4)
                0x00000000080042a4                PROVIDE (__preinit_array_start = .)
 *(.preinit_array*)
                0x00000000080042a4                PROVIDE (__preinit_array_end = .)
                0x00000000080042a4                . = ALIGN (0x4)

.init_array     0x00000000080042a4        0x4
                0x00000000080042a4                . = ALIGN (0x4)
                0x00000000080042a4                PROVIDE (__init_array_start = .)
 *(SORT_BY_NAME(.init_array.*))
 *(.init_array*)
 .init_array    0x00000000080042a4        0x4 h:/installation package/stm32cubeide/stm32cubeide_1.3.0/stm32cubeide/plugins/com.st.stm32cube.ide.mcu.externaltools.gnu-tools-for-stm32.7-2018-q2-update.win32_1.0.0.201904181610/tools/bin/../lib/gcc/arm-none-eabi/7.3.1/thumb/v7e-m/fpv4-sp/hard/crtbegin.o
                0x00000000080042a8                PROVIDE (__init_array_end = .)
                0x00000000080042a8                . = ALIGN (0x4)

.fini_array     0x00000000080042a8        0x4
                0x00000000080042a8                . = ALIGN (0x4)
                [!provide]                        PROVIDE (__fini_array_start = .)
 *(SORT_BY_NAME(.fini_array.*))
 *(.fini_array*)
 .fini_array    0x00000000080042a8        0x4 h:/installation package/stm32cubeide/stm32cubeide_1.3.0/stm32cubeide/plugins/com.st.stm32cube.ide.mcu.externaltools.gnu-tools-for-stm32.7-2018-q2-update.win32_1.0.0.201904181610/tools/bin/../lib/gcc/arm-none-eabi/7.3.1/thumb/v7e-m/fpv4-sp/hard/crtbegin.o
                [!provide]                        PROVIDE (__fini_array_end = .)
                0x00000000080042ac                . = ALIGN (0x4)
                0x00000000080042ac                _sidata = LOADADDR (.data)

.data           0x0000000020000000       0x10 load address 0x00000000080042ac
                0x0000000020000000                . = ALIGN (0x4)
                0x0000000020000000                _sdata = .
 *(.data)
 *(.data*)
 .data.SystemCoreClock
                0x0000000020000000        0x4 Core/Src/system_stm32f4xx.o
                0x0000000020000000                SystemCoreClock
 .data.uwTickPrio
                0x0000000020000004        0x4 Drivers/STM32F4xx_HAL_Driver/Src/stm32f4xx_hal.o
                0x0000000020000004                uwTickPrio
 .data.uwTickFreq
                0x0000000020000008        0x1 Drivers/STM32F4xx_HAL_Driver/Src/stm32f4xx_hal.o
                0x0000000020000008                uwTickFreq
 *fill*         0x0000000020000009        0x3 
 .data.uxCriticalNesting
                0x000000002000000c        0x4 Middlewares/Third_Party/FreeRTOS/Source/portable/GCC/ARM_CM4F/port.o
                0x0000000020000010                . = ALIGN (0x4)
                0x0000000020000010                _edata = .

.igot.plt       0x0000000020000010        0x0 load address 0x00000000080042bc
 .igot.plt      0x0000000020000010        0x0 h:/installation package/stm32cubeide/stm32cubeide_1.3.0/stm32cubeide/plugins/com.st.stm32cube.ide.mcu.externaltools.gnu-tools-for-stm32.7-2018-q2-update.win32_1.0.0.201904181610/tools/bin/../lib/gcc/arm-none-eabi/7.3.1/thumb/v7e-m/fpv4-sp/hard/crtbegin.o
                0x0000000020000010                . = ALIGN (0x4)

.bss            0x0000000020000010     0x4974 load address 0x00000000080042bc
                0x0000000020000010                _sbss = .
                0x0000000020000010                __bss_start__ = _sbss
 *(.bss)
 .bss           0x0000000020000010       0x1c h:/installation package/stm32cubeide/stm32cubeide_1.3.0/stm32cubeide/plugins/com.st.stm32cube.ide.mcu.externaltools.gnu-tools-for-stm32.7-2018-q2-update.win32_1.0.0.201904181610/tools/bin/../lib/gcc/arm-none-eabi/7.3.1/thumb/v7e-m/fpv4-sp/hard/crtbegin.o
 *(.bss*)
 .bss.KernelState
                0x000000002000002c        0x4 Middlewares/Third_Party/FreeRTOS/Source/CMSIS_RTOS_V2/cmsis_os2.o
 .bss.Idle_TCB  0x0000000020000030       0x5c Middlewares/Third_Party/FreeRTOS/Source/CMSIS_RTOS_V2/cmsis_os2.o
 .bss.Idle_Stack
                0x000000002000008c      0x200 Middlewares/Third_Party/FreeRTOS/Source/CMSIS_RTOS_V2/cmsis_os2.o
 .bss.Timer_TCB
                0x000000002000028c       0x5c Middlewares/Third_Party/FreeRTOS/Source/CMSIS_RTOS_V2/cmsis_os2.o
 .bss.Timer_Stack
                0x00000000200002e8      0x400 Middlewares/Third_Party/FreeRTOS/Source/CMSIS_RTOS_V2/cmsis_os2.o
 .bss.pxCurrentTCB
                0x00000000200006e8        0x4 Middlewares/Third_Party/FreeRTOS/Source/tasks.o
                0x00000000200006e8                pxCurrentTCB
 .bss.pxReadyTasksLists
                0x00000000200006ec      0x460 Middlewares/Third_Party/FreeRTOS/Source/tasks.o
 .bss.xDelayedTaskList1
                0x0000000020000b4c       0x14 Middlewares/Third_Party/FreeRTOS/Source/tasks.o
 .bss.xDelayedTaskList2
                0x0000000020000b60       0x14 Middlewares/Third_Party/FreeRTOS/Source/tasks.o
 .bss.pxDelayedTaskList
                0x0000000020000b74        0x4 Middlewares/Third_Party/FreeRTOS/Source/tasks.o
 .bss.pxOverflowDelayedTaskList
                0x0000000020000b78        0x4 Middlewares/Third_Party/FreeRTOS/Source/tasks.o
 .bss.xPendingReadyList
                0x0000000020000b7c       0x14 Middlewares/Third_Party/FreeRTOS/Source/tasks.o
 .bss.xTasksWaitingTermination
                0x0000000020000b90       0x14 Middlewares/Third_Party/FreeRTOS/Source/tasks.o
 .bss.uxDeletedTasksWaitingCleanUp
                0x0000000020000ba4        0x4 Middlewares/Third_Party/FreeRTOS/Source/tasks.o
 .bss.xSuspendedTaskList
                0x0000000020000ba8       0x14 Middlewares/Third_Party/FreeRTOS/Source/tasks.o
 .bss.uxCurrentNumberOfTasks
                0x0000000020000bbc        0x4 Middlewares/Third_Party/FreeRTOS/Source/tasks.o
 .bss.xTickCount
                0x0000000020000bc0        0x4 Middlewares/Third_Party/FreeRTOS/Source/tasks.o
 .bss.uxTopReadyPriority
                0x0000000020000bc4        0x4 Middlewares/Third_Party/FreeRTOS/Source/tasks.o
 .bss.xSchedulerRunning
                0x0000000020000bc8        0x4 Middlewares/Third_Party/FreeRTOS/Source/tasks.o
 .bss.uxPendedTicks
                0x0000000020000bcc        0x4 Middlewares/Third_Party/FreeRTOS/Source/tasks.o
 .bss.xYieldPending
                0x0000000020000bd0        0x4 Middlewares/Third_Party/FreeRTOS/Source/tasks.o
 .bss.xNumOfOverflows
                0x0000000020000bd4        0x4 Middlewares/Third_Party/FreeRTOS/Source/tasks.o
 .bss.uxTaskNumber
                0x0000000020000bd8        0x4 Middlewares/Third_Party/FreeRTOS/Source/tasks.o
 .bss.xNextTaskUnblockTime
                0x0000000020000bdc        0x4 Middlewares/Third_Party/FreeRTOS/Source/tasks.o
 .bss.xIdleTaskHandle
                0x0000000020000be0        0x4 Middlewares/Third_Party/FreeRTOS/Source/tasks.o
 .bss.uxSchedulerSuspended
                0x0000000020000be4        0x4 Middlewares/Third_Party/FreeRTOS/Source/tasks.o
 .bss.xActiveTimerList1
                0x0000000020000be8       0x14 Middlewares/Third_Party/FreeRTOS/Source/timers.o
 .bss.xActiveTimerList2
                0x0000000020000bfc       0x14 Middlewares/Third_Party/FreeRTOS/Source/timers.o
 .bss.pxCurrentTimerList
                0x0000000020000c10        0x4 Middlewares/Third_Party/FreeRTOS/Source/timers.o
 .bss.pxOverflowTimerList
                0x0000000020000c14        0x4 Middlewares/Third_Party/FreeRTOS/Source/timers.o
 .bss.xTimerQueue
                0x0000000020000c18        0x4 Middlewares/Third_Party/FreeRTOS/Source/timers.o
 .bss.xTimerTaskHandle
                0x0000000020000c1c        0x4 Middlewares/Third_Party/FreeRTOS/Source/timers.o
 .bss.xLastTime.6743
                0x0000000020000c20        0x4 Middlewares/Third_Party/FreeRTOS/Source/timers.o
 .bss.ucStaticTimerQueueStorage.6794
                0x0000000020000c24       0xa0 Middlewares/Third_Party/FreeRTOS/Source/timers.o
 .bss.xStaticTimerQueue.6793
                0x0000000020000cc4       0x50 Middlewares/Third_Party/FreeRTOS/Source/timers.o
 .bss.ucMaxSysCallPriority
                0x0000000020000d14        0x1 Middlewares/Third_Party/FreeRTOS/Source/portable/GCC/ARM_CM4F/port.o
 *fill*         0x0000000020000d15        0x3 
 .bss.ulMaxPRIGROUPValue
                0x0000000020000d18        0x4 Middlewares/Third_Party/FreeRTOS/Source/portable/GCC/ARM_CM4F/port.o
 .bss.ucHeap    0x0000000020000d1c     0x3c00 Middlewares/Third_Party/FreeRTOS/Source/portable/MemMang/heap_4.o
 .bss.xStart    0x000000002000491c        0x8 Middlewares/Third_Party/FreeRTOS/Source/portable/MemMang/heap_4.o
 .bss.pxEnd     0x0000000020004924        0x4 Middlewares/Third_Party/FreeRTOS/Source/portable/MemMang/heap_4.o
 .bss.xFreeBytesRemaining
                0x0000000020004928        0x4 Middlewares/Third_Party/FreeRTOS/Source/portable/MemMang/heap_4.o
 .bss.xMinimumEverFreeBytesRemaining
                0x000000002000492c        0x4 Middlewares/Third_Party/FreeRTOS/Source/portable/MemMang/heap_4.o
 .bss.xBlockAllocatedBit
                0x0000000020004930        0x4 Middlewares/Third_Party/FreeRTOS/Source/portable/MemMang/heap_4.o
 *(COMMON)
 COMMON         0x0000000020004934        0xc Core/Src/freertos.o
                0x0000000020004934                defaultTaskHandle
                0x0000000020004938                myTask02Handle
                0x000000002000493c                myTask03Handle
 COMMON         0x0000000020004940        0x4 Drivers/STM32F4xx_HAL_Driver/Src/stm32f4xx_hal.o
                0x0000000020004940                uwTick
 COMMON         0x0000000020004944       0x40 Middlewares/Third_Party/FreeRTOS/Source/queue.o
                0x0000000020004944                xQueueRegistry
                0x0000000020004984                . = ALIGN (0x4)
                0x0000000020004984                _ebss = .
                0x0000000020004984                __bss_end__ = _ebss

._user_heap_stack
                0x0000000020004984      0x604 load address 0x00000000080042bc
                0x0000000020004988                . = ALIGN (0x8)
 *fill*         0x0000000020004984        0x4 
                0x0000000020004988                PROVIDE (end = .)
                [!provide]                        PROVIDE (_end = .)
                0x0000000020004b88                . = (. + _Min_Heap_Size)
 *fill*         0x0000000020004988      0x200 
                0x0000000020004f88                . = (. + _Min_Stack_Size)
 *fill*         0x0000000020004b88      0x400 
                0x0000000020004f88                . = ALIGN (0x8)

/DISCARD/
 libc.a(*)
 libm.a(*)
 libgcc.a(*)

.ARM.attributes
                0x0000000000000000       0x30
 *(.ARM.attributes)
 .ARM.attributes
                0x0000000000000000       0x22 h:/installation package/stm32cubeide/stm32cubeide_1.3.0/stm32cubeide/plugins/com.st.stm32cube.ide.mcu.externaltools.gnu-tools-for-stm32.7-2018-q2-update.win32_1.0.0.201904181610/tools/bin/../lib/gcc/arm-none-eabi/7.3.1/thumb/v7e-m/fpv4-sp/hard/crti.o
 .ARM.attributes
                0x0000000000000022       0x34 h:/installation package/stm32cubeide/stm32cubeide_1.3.0/stm32cubeide/plugins/com.st.stm32cube.ide.mcu.externaltools.gnu-tools-for-stm32.7-2018-q2-update.win32_1.0.0.201904181610/tools/bin/../lib/gcc/arm-none-eabi/7.3.1/thumb/v7e-m/fpv4-sp/hard/crtbegin.o
 .ARM.attributes
                0x0000000000000056       0x39 Core/Src/freertos.o
 .ARM.attributes
                0x000000000000008f       0x39 Core/Src/gpio.o
 .ARM.attributes
                0x00000000000000c8       0x39 Core/Src/main.o
 .ARM.attributes
                0x0000000000000101       0x39 Core/Src/stm32f4xx_hal_msp.o
 .ARM.attributes
                0x000000000000013a       0x39 Core/Src/stm32f4xx_it.o
 .ARM.attributes
                0x0000000000000173       0x39 Core/Src/system_stm32f4xx.o
 .ARM.attributes
                0x00000000000001ac       0x21 Core/Startup/startup_stm32f429zitx.o
 .ARM.attributes
                0x00000000000001cd       0x39 Drivers/STM32F4xx_HAL_Driver/Src/stm32f4xx_hal.o
 .ARM.attributes
                0x0000000000000206       0x39 Drivers/STM32F4xx_HAL_Driver/Src/stm32f4xx_hal_cortex.o
 .ARM.attributes
                0x000000000000023f       0x39 Drivers/STM32F4xx_HAL_Driver/Src/stm32f4xx_hal_gpio.o
 .ARM.attributes
                0x0000000000000278       0x39 Drivers/STM32F4xx_HAL_Driver/Src/stm32f4xx_hal_rcc.o
 .ARM.attributes
                0x00000000000002b1       0x39 Middlewares/Third_Party/FreeRTOS/Source/CMSIS_RTOS_V2/cmsis_os2.o
 .ARM.attributes
                0x00000000000002ea       0x39 Middlewares/Third_Party/FreeRTOS/Source/list.o
 .ARM.attributes
                0x0000000000000323       0x39 Middlewares/Third_Party/FreeRTOS/Source/queue.o
 .ARM.attributes
                0x000000000000035c       0x39 Middlewares/Third_Party/FreeRTOS/Source/tasks.o
 .ARM.attributes
                0x0000000000000395       0x39 Middlewares/Third_Party/FreeRTOS/Source/timers.o
 .ARM.attributes
                0x00000000000003ce       0x39 Middlewares/Third_Party/FreeRTOS/Source/portable/GCC/ARM_CM4F/port.o
 .ARM.attributes
                0x0000000000000407       0x39 Middlewares/Third_Party/FreeRTOS/Source/portable/MemMang/heap_4.o
 .ARM.attributes
                0x0000000000000440       0x34 h:/installation package/stm32cubeide/stm32cubeide_1.3.0/stm32cubeide/plugins/com.st.stm32cube.ide.mcu.externaltools.gnu-tools-for-stm32.7-2018-q2-update.win32_1.0.0.201904181610/tools/bin/../lib/gcc/arm-none-eabi/7.3.1/../../../../arm-none-eabi/lib/thumb/v7e-m/fpv4-sp/hard\libc_nano.a(lib_a-init.o)
 .ARM.attributes
                0x0000000000000474       0x34 h:/installation package/stm32cubeide/stm32cubeide_1.3.0/stm32cubeide/plugins/com.st.stm32cube.ide.mcu.externaltools.gnu-tools-for-stm32.7-2018-q2-update.win32_1.0.0.201904181610/tools/bin/../lib/gcc/arm-none-eabi/7.3.1/../../../../arm-none-eabi/lib/thumb/v7e-m/fpv4-sp/hard\libc_nano.a(lib_a-memcpy-stub.o)
 .ARM.attributes
                0x00000000000004a8       0x34 h:/installation package/stm32cubeide/stm32cubeide_1.3.0/stm32cubeide/plugins/com.st.stm32cube.ide.mcu.externaltools.gnu-tools-for-stm32.7-2018-q2-update.win32_1.0.0.201904181610/tools/bin/../lib/gcc/arm-none-eabi/7.3.1/../../../../arm-none-eabi/lib/thumb/v7e-m/fpv4-sp/hard\libc_nano.a(lib_a-memset.o)
 .ARM.attributes
                0x00000000000004dc       0x22 h:/installation package/stm32cubeide/stm32cubeide_1.3.0/stm32cubeide/plugins/com.st.stm32cube.ide.mcu.externaltools.gnu-tools-for-stm32.7-2018-q2-update.win32_1.0.0.201904181610/tools/bin/../lib/gcc/arm-none-eabi/7.3.1/thumb/v7e-m/fpv4-sp/hard\libgcc.a(_aeabi_uldivmod.o)
 .ARM.attributes
                0x00000000000004fe       0x34 h:/installation package/stm32cubeide/stm32cubeide_1.3.0/stm32cubeide/plugins/com.st.stm32cube.ide.mcu.externaltools.gnu-tools-for-stm32.7-2018-q2-update.win32_1.0.0.201904181610/tools/bin/../lib/gcc/arm-none-eabi/7.3.1/thumb/v7e-m/fpv4-sp/hard\libgcc.a(_udivmoddi4.o)
 .ARM.attributes
                0x0000000000000532       0x22 h:/installation package/stm32cubeide/stm32cubeide_1.3.0/stm32cubeide/plugins/com.st.stm32cube.ide.mcu.externaltools.gnu-tools-for-stm32.7-2018-q2-update.win32_1.0.0.201904181610/tools/bin/../lib/gcc/arm-none-eabi/7.3.1/thumb/v7e-m/fpv4-sp/hard\libgcc.a(_dvmd_tls.o)
 .ARM.attributes
                0x0000000000000554       0x22 h:/installation package/stm32cubeide/stm32cubeide_1.3.0/stm32cubeide/plugins/com.st.stm32cube.ide.mcu.externaltools.gnu-tools-for-stm32.7-2018-q2-update.win32_1.0.0.201904181610/tools/bin/../lib/gcc/arm-none-eabi/7.3.1/thumb/v7e-m/fpv4-sp/hard/crtn.o
OUTPUT(prj2.elf elf32-littlearm)

.debug_info     0x0000000000000000    0x1095c
 .debug_info    0x0000000000000000      0x513 Core/Src/freertos.o
 .debug_info    0x0000000000000513      0x48e Core/Src/gpio.o
 .debug_info    0x00000000000009a1      0x535 Core/Src/main.o
 .debug_info    0x0000000000000ed6      0x5d6 Core/Src/stm32f4xx_hal_msp.o
 .debug_info    0x00000000000014ac      0x1fa Core/Src/stm32f4xx_it.o
 .debug_info    0x00000000000016a6      0x56e Core/Src/system_stm32f4xx.o
 .debug_info    0x0000000000001c14       0x22 Core/Startup/startup_stm32f429zitx.o
 .debug_info    0x0000000000001c36      0x9b9 Drivers/STM32F4xx_HAL_Driver/Src/stm32f4xx_hal.o
 .debug_info    0x00000000000025ef      0xe5e Drivers/STM32F4xx_HAL_Driver/Src/stm32f4xx_hal_cortex.o
 .debug_info    0x000000000000344d      0x7cf Drivers/STM32F4xx_HAL_Driver/Src/stm32f4xx_hal_gpio.o
 .debug_info    0x0000000000003c1c      0x91e Drivers/STM32F4xx_HAL_Driver/Src/stm32f4xx_hal_rcc.o
 .debug_info    0x000000000000453a     0x401f Middlewares/Third_Party/FreeRTOS/Source/CMSIS_RTOS_V2/cmsis_os2.o
 .debug_info    0x0000000000008559      0xacb Middlewares/Third_Party/FreeRTOS/Source/list.o
 .debug_info    0x0000000000009024     0x239c Middlewares/Third_Party/FreeRTOS/Source/queue.o
 .debug_info    0x000000000000b3c0     0x29c5 Middlewares/Third_Party/FreeRTOS/Source/tasks.o
 .debug_info    0x000000000000dd85     0x1aba Middlewares/Third_Party/FreeRTOS/Source/timers.o
 .debug_info    0x000000000000f83f      0x533 Middlewares/Third_Party/FreeRTOS/Source/portable/GCC/ARM_CM4F/port.o
 .debug_info    0x000000000000fd72      0xbea Middlewares/Third_Party/FreeRTOS/Source/portable/MemMang/heap_4.o

.debug_abbrev   0x0000000000000000     0x2370
 .debug_abbrev  0x0000000000000000      0x15e Core/Src/freertos.o
 .debug_abbrev  0x000000000000015e      0x129 Core/Src/gpio.o
 .debug_abbrev  0x0000000000000287      0x168 Core/Src/main.o
 .debug_abbrev  0x00000000000003ef      0x112 Core/Src/stm32f4xx_hal_msp.o
 .debug_abbrev  0x0000000000000501       0xc6 Core/Src/stm32f4xx_it.o
 .debug_abbrev  0x00000000000005c7      0x12b Core/Src/system_stm32f4xx.o
 .debug_abbrev  0x00000000000006f2       0x12 Core/Startup/startup_stm32f429zitx.o
 .debug_abbrev  0x0000000000000704      0x1c7 Drivers/STM32F4xx_HAL_Driver/Src/stm32f4xx_hal.o
 .debug_abbrev  0x00000000000008cb      0x2fa Drivers/STM32F4xx_HAL_Driver/Src/stm32f4xx_hal_cortex.o
 .debug_abbrev  0x0000000000000bc5      0x1c9 Drivers/STM32F4xx_HAL_Driver/Src/stm32f4xx_hal_gpio.o
 .debug_abbrev  0x0000000000000d8e      0x245 Drivers/STM32F4xx_HAL_Driver/Src/stm32f4xx_hal_rcc.o
 .debug_abbrev  0x0000000000000fd3      0x3c3 Middlewares/Third_Party/FreeRTOS/Source/CMSIS_RTOS_V2/cmsis_os2.o
 .debug_abbrev  0x0000000000001396      0x1cf Middlewares/Third_Party/FreeRTOS/Source/list.o
 .debug_abbrev  0x0000000000001565      0x336 Middlewares/Third_Party/FreeRTOS/Source/queue.o
 .debug_abbrev  0x000000000000189b      0x350 Middlewares/Third_Party/FreeRTOS/Source/tasks.o
 .debug_abbrev  0x0000000000001beb      0x2d7 Middlewares/Third_Party/FreeRTOS/Source/timers.o
 .debug_abbrev  0x0000000000001ec2      0x210 Middlewares/Third_Party/FreeRTOS/Source/portable/GCC/ARM_CM4F/port.o
 .debug_abbrev  0x00000000000020d2      0x29e Middlewares/Third_Party/FreeRTOS/Source/portable/MemMang/heap_4.o

.debug_aranges  0x0000000000000000      0xbb0
 .debug_aranges
                0x0000000000000000       0x38 Core/Src/freertos.o
 .debug_aranges
                0x0000000000000038       0x20 Core/Src/gpio.o
 .debug_aranges
                0x0000000000000058       0x30 Core/Src/main.o
 .debug_aranges
                0x0000000000000088       0x20 Core/Src/stm32f4xx_hal_msp.o
 .debug_aranges
                0x00000000000000a8       0x50 Core/Src/stm32f4xx_it.o
 .debug_aranges
                0x00000000000000f8       0x28 Core/Src/system_stm32f4xx.o
 .debug_aranges
                0x0000000000000120       0x28 Core/Startup/startup_stm32f429zitx.o
 .debug_aranges
                0x0000000000000148      0x100 Drivers/STM32F4xx_HAL_Driver/Src/stm32f4xx_hal.o
 .debug_aranges
                0x0000000000000248      0x118 Drivers/STM32F4xx_HAL_Driver/Src/stm32f4xx_hal_cortex.o
 .debug_aranges
                0x0000000000000360       0x58 Drivers/STM32F4xx_HAL_Driver/Src/stm32f4xx_hal_gpio.o
 .debug_aranges
                0x00000000000003b8       0x88 Drivers/STM32F4xx_HAL_Driver/Src/stm32f4xx_hal_rcc.o
 .debug_aranges
                0x0000000000000440      0x228 Middlewares/Third_Party/FreeRTOS/Source/CMSIS_RTOS_V2/cmsis_os2.o
 .debug_aranges
                0x0000000000000668       0x40 Middlewares/Third_Party/FreeRTOS/Source/list.o
 .debug_aranges
                0x00000000000006a8      0x158 Middlewares/Third_Party/FreeRTOS/Source/queue.o
 .debug_aranges
                0x0000000000000800      0x1f8 Middlewares/Third_Party/FreeRTOS/Source/tasks.o
 .debug_aranges
                0x00000000000009f8       0xe8 Middlewares/Third_Party/FreeRTOS/Source/timers.o
 .debug_aranges
                0x0000000000000ae0       0x80 Middlewares/Third_Party/FreeRTOS/Source/portable/GCC/ARM_CM4F/port.o
 .debug_aranges
                0x0000000000000b60       0x50 Middlewares/Third_Party/FreeRTOS/Source/portable/MemMang/heap_4.o

.debug_ranges   0x0000000000000000      0xa98
 .debug_ranges  0x0000000000000000       0x28 Core/Src/freertos.o
 .debug_ranges  0x0000000000000028       0x10 Core/Src/gpio.o
 .debug_ranges  0x0000000000000038       0x20 Core/Src/main.o
 .debug_ranges  0x0000000000000058       0x10 Core/Src/stm32f4xx_hal_msp.o
 .debug_ranges  0x0000000000000068       0x40 Core/Src/stm32f4xx_it.o
 .debug_ranges  0x00000000000000a8       0x18 Core/Src/system_stm32f4xx.o
 .debug_ranges  0x00000000000000c0       0x20 Core/Startup/startup_stm32f429zitx.o
 .debug_ranges  0x00000000000000e0       0xf0 Drivers/STM32F4xx_HAL_Driver/Src/stm32f4xx_hal.o
 .debug_ranges  0x00000000000001d0      0x108 Drivers/STM32F4xx_HAL_Driver/Src/stm32f4xx_hal_cortex.o
 .debug_ranges  0x00000000000002d8       0x48 Drivers/STM32F4xx_HAL_Driver/Src/stm32f4xx_hal_gpio.o
 .debug_ranges  0x0000000000000320       0x78 Drivers/STM32F4xx_HAL_Driver/Src/stm32f4xx_hal_rcc.o
 .debug_ranges  0x0000000000000398      0x218 Middlewares/Third_Party/FreeRTOS/Source/CMSIS_RTOS_V2/cmsis_os2.o
 .debug_ranges  0x00000000000005b0       0x30 Middlewares/Third_Party/FreeRTOS/Source/list.o
 .debug_ranges  0x00000000000005e0      0x148 Middlewares/Third_Party/FreeRTOS/Source/queue.o
 .debug_ranges  0x0000000000000728      0x1e8 Middlewares/Third_Party/FreeRTOS/Source/tasks.o
 .debug_ranges  0x0000000000000910       0xd8 Middlewares/Third_Party/FreeRTOS/Source/timers.o
 .debug_ranges  0x00000000000009e8       0x70 Middlewares/Third_Party/FreeRTOS/Source/portable/GCC/ARM_CM4F/port.o
 .debug_ranges  0x0000000000000a58       0x40 Middlewares/Third_Party/FreeRTOS/Source/portable/MemMang/heap_4.o

.debug_macro    0x0000000000000000    0x235d0
 .debug_macro   0x0000000000000000      0x244 Core/Src/freertos.o
 .debug_macro   0x0000000000000244      0xa5a Core/Src/freertos.o
 .debug_macro   0x0000000000000c9e      0x174 Core/Src/freertos.o
 .debug_macro   0x0000000000000e12       0x22 Core/Src/freertos.o
 .debug_macro   0x0000000000000e34       0x8e Core/Src/freertos.o
 .debug_macro   0x0000000000000ec2       0x51 Core/Src/freertos.o
 .debug_macro   0x0000000000000f13       0xef Core/Src/freertos.o
 .debug_macro   0x0000000000001002       0x6a Core/Src/freertos.o
 .debug_macro   0x000000000000106c      0x1df Core/Src/freertos.o
 .debug_macro   0x000000000000124b      0x130 Core/Src/freertos.o
 .debug_macro   0x000000000000137b      0x15a Core/Src/freertos.o
 .debug_macro   0x00000000000014d5       0xc9 Core/Src/freertos.o
 .debug_macro   0x000000000000159e       0x1c Core/Src/freertos.o
 .debug_macro   0x00000000000015ba       0x26 Core/Src/freertos.o
 .debug_macro   0x00000000000015e0      0x4b0 Core/Src/freertos.o
 .debug_macro   0x0000000000001a90       0xb5 Core/Src/freertos.o
 .debug_macro   0x0000000000001b45       0xaa Core/Src/freertos.o
 .debug_macro   0x0000000000001bef      0x17e Core/Src/freertos.o
 .debug_macro   0x0000000000001d6d       0x2e Core/Src/freertos.o
 .debug_macro   0x0000000000001d9b       0x28 Core/Src/freertos.o
 .debug_macro   0x0000000000001dc3       0x1c Core/Src/freertos.o
 .debug_macro   0x0000000000001ddf       0x22 Core/Src/freertos.o
 .debug_macro   0x0000000000001e01       0xdf Core/Src/freertos.o
 .debug_macro   0x0000000000001ee0     0x102d Core/Src/freertos.o
 .debug_macro   0x0000000000002f0d      0x11f Core/Src/freertos.o
 .debug_macro   0x000000000000302c    0x17f69 Core/Src/freertos.o
 .debug_macro   0x000000000001af95       0x43 Core/Src/freertos.o
 .debug_macro   0x000000000001afd8     0x36c9 Core/Src/freertos.o
 .debug_macro   0x000000000001e6a1       0x5a Core/Src/freertos.o
 .debug_macro   0x000000000001e6fb      0xca5 Core/Src/freertos.o
 .debug_macro   0x000000000001f3a0      0x9fe Core/Src/freertos.o
 .debug_macro   0x000000000001fd9e      0x182 Core/Src/freertos.o
 .debug_macro   0x000000000001ff20      0x117 Core/Src/freertos.o
 .debug_macro   0x0000000000020037      0x157 Core/Src/freertos.o
 .debug_macro   0x000000000002018e       0x27 Core/Src/freertos.o
 .debug_macro   0x00000000000201b5      0x287 Core/Src/freertos.o
 .debug_macro   0x000000000002043c       0x5f Core/Src/freertos.o
 .debug_macro   0x000000000002049b      0x236 Core/Src/freertos.o
 .debug_macro   0x00000000000206d1      0x132 Core/Src/freertos.o
 .debug_macro   0x0000000000020803      0x41d Core/Src/freertos.o
 .debug_macro   0x0000000000020c20       0x2e Core/Src/freertos.o
 .debug_macro   0x0000000000020c4e      0x11a Core/Src/freertos.o
 .debug_macro   0x0000000000020d68       0xe2 Core/Src/freertos.o
 .debug_macro   0x0000000000020e4a       0x89 Core/Src/freertos.o
 .debug_macro   0x0000000000020ed3      0x134 Core/Src/freertos.o
 .debug_macro   0x0000000000021007       0x6c Core/Src/freertos.o
 .debug_macro   0x0000000000021073       0x74 Core/Src/freertos.o
 .debug_macro   0x00000000000210e7       0xdd Core/Src/freertos.o
 .debug_macro   0x00000000000211c4      0x1c4 Core/Src/gpio.o
 .debug_macro   0x0000000000021388      0x258 Core/Src/main.o
 .debug_macro   0x00000000000215e0      0x130 Core/Src/main.o
 .debug_macro   0x0000000000021710       0x66 Core/Src/main.o
 .debug_macro   0x0000000000021776      0x1ba Core/Src/stm32f4xx_hal_msp.o
 .debug_macro   0x0000000000021930      0x22c Core/Src/stm32f4xx_it.o
 .debug_macro   0x0000000000021b5c      0x1b6 Core/Src/system_stm32f4xx.o
 .debug_macro   0x0000000000021d12      0x210 Drivers/STM32F4xx_HAL_Driver/Src/stm32f4xx_hal.o
 .debug_macro   0x0000000000021f22      0x1b0 Drivers/STM32F4xx_HAL_Driver/Src/stm32f4xx_hal_cortex.o
 .debug_macro   0x00000000000220d2      0x1e6 Drivers/STM32F4xx_HAL_Driver/Src/stm32f4xx_hal_gpio.o
 .debug_macro   0x00000000000222b8      0x1d4 Drivers/STM32F4xx_HAL_Driver/Src/stm32f4xx_hal_rcc.o
 .debug_macro   0x000000000002248c      0x23a Middlewares/Third_Party/FreeRTOS/Source/CMSIS_RTOS_V2/cmsis_os2.o
 .debug_macro   0x00000000000226c6       0x10 Middlewares/Third_Party/FreeRTOS/Source/CMSIS_RTOS_V2/cmsis_os2.o
 .debug_macro   0x00000000000226d6       0x20 Middlewares/Third_Party/FreeRTOS/Source/CMSIS_RTOS_V2/cmsis_os2.o
 .debug_macro   0x00000000000226f6       0x10 Middlewares/Third_Party/FreeRTOS/Source/CMSIS_RTOS_V2/cmsis_os2.o
 .debug_macro   0x0000000000022706       0xd3 Middlewares/Third_Party/FreeRTOS/Source/CMSIS_RTOS_V2/cmsis_os2.o
 .debug_macro   0x00000000000227d9       0x91 Middlewares/Third_Party/FreeRTOS/Source/CMSIS_RTOS_V2/cmsis_os2.o
 .debug_macro   0x000000000002286a       0x8d Middlewares/Third_Party/FreeRTOS/Source/CMSIS_RTOS_V2/cmsis_os2.o
 .debug_macro   0x00000000000228f7       0x9a Middlewares/Third_Party/FreeRTOS/Source/CMSIS_RTOS_V2/cmsis_os2.o
 .debug_macro   0x0000000000022991      0x17a Middlewares/Third_Party/FreeRTOS/Source/list.o
 .debug_macro   0x0000000000022b0b      0x209 Middlewares/Third_Party/FreeRTOS/Source/queue.o
 .debug_macro   0x0000000000022d14       0x16 Middlewares/Third_Party/FreeRTOS/Source/queue.o
 .debug_macro   0x0000000000022d2a       0x87 Middlewares/Third_Party/FreeRTOS/Source/queue.o
 .debug_macro   0x0000000000022db1      0x272 Middlewares/Third_Party/FreeRTOS/Source/tasks.o
 .debug_macro   0x0000000000023023       0x10 Middlewares/Third_Party/FreeRTOS/Source/tasks.o
 .debug_macro   0x0000000000023033      0x1cf Middlewares/Third_Party/FreeRTOS/Source/timers.o
 .debug_macro   0x0000000000023202       0x97 Middlewares/Third_Party/FreeRTOS/Source/timers.o
 .debug_macro   0x0000000000023299      0x196 Middlewares/Third_Party/FreeRTOS/Source/portable/GCC/ARM_CM4F/port.o
 .debug_macro   0x000000000002342f      0x1a1 Middlewares/Third_Party/FreeRTOS/Source/portable/MemMang/heap_4.o

.debug_line     0x0000000000000000     0xc429
 .debug_line    0x0000000000000000      0x927 Core/Src/freertos.o
 .debug_line    0x0000000000000927      0x783 Core/Src/gpio.o
 .debug_line    0x00000000000010aa      0x912 Core/Src/main.o
 .debug_line    0x00000000000019bc      0x782 Core/Src/stm32f4xx_hal_msp.o
 .debug_line    0x000000000000213e      0x908 Core/Src/stm32f4xx_it.o
 .debug_line    0x0000000000002a46      0x79c Core/Src/system_stm32f4xx.o
 .debug_line    0x00000000000031e2       0x85 Core/Startup/startup_stm32f429zitx.o
 .debug_line    0x0000000000003267      0x9aa Drivers/STM32F4xx_HAL_Driver/Src/stm32f4xx_hal.o
 .debug_line    0x0000000000003c11      0xaaa Drivers/STM32F4xx_HAL_Driver/Src/stm32f4xx_hal_cortex.o
 .debug_line    0x00000000000046bb      0x98d Drivers/STM32F4xx_HAL_Driver/Src/stm32f4xx_hal_gpio.o
 .debug_line    0x0000000000005048      0x9de Drivers/STM32F4xx_HAL_Driver/Src/stm32f4xx_hal_rcc.o
 .debug_line    0x0000000000005a26     0x1f48 Middlewares/Third_Party/FreeRTOS/Source/CMSIS_RTOS_V2/cmsis_os2.o
 .debug_line    0x000000000000796e      0x794 Middlewares/Third_Party/FreeRTOS/Source/list.o
 .debug_line    0x0000000000008102     0x1229 Middlewares/Third_Party/FreeRTOS/Source/queue.o
 .debug_line    0x000000000000932b     0x1531 Middlewares/Third_Party/FreeRTOS/Source/tasks.o
 .debug_line    0x000000000000a85c      0xba7 Middlewares/Third_Party/FreeRTOS/Source/timers.o
 .debug_line    0x000000000000b403      0x7ac Middlewares/Third_Party/FreeRTOS/Source/portable/GCC/ARM_CM4F/port.o
 .debug_line    0x000000000000bbaf      0x87a Middlewares/Third_Party/FreeRTOS/Source/portable/MemMang/heap_4.o

.debug_str      0x0000000000000000    0xd720e
 .debug_str     0x0000000000000000    0xcd44f Core/Src/freertos.o
                                      0xcd6fe (size before relaxing)
 .debug_str     0x00000000000cd44f      0x18d Core/Src/gpio.o
                                      0xc8bbc (size before relaxing)
 .debug_str     0x00000000000cd5dc      0x195 Core/Src/main.o
                                      0xcd430 (size before relaxing)
 .debug_str     0x00000000000cd771      0x56b Core/Src/stm32f4xx_hal_msp.o
                                      0xc9073 (size before relaxing)
 .debug_str     0x00000000000cdcdc       0xa2 Core/Src/stm32f4xx_it.o
                                      0xcc6b6 (size before relaxing)
 .debug_str     0x00000000000cdd7e       0xc4 Core/Src/system_stm32f4xx.o
                                      0xc8ba8 (size before relaxing)
 .debug_str     0x00000000000cde42       0x36 Core/Startup/startup_stm32f429zitx.o
                                         0x6d (size before relaxing)
 .debug_str     0x00000000000cde78      0x5c8 Drivers/STM32F4xx_HAL_Driver/Src/stm32f4xx_hal.o
                                      0xc9714 (size before relaxing)
 .debug_str     0x00000000000ce440      0x389 Drivers/STM32F4xx_HAL_Driver/Src/stm32f4xx_hal_cortex.o
                                      0xc94b5 (size before relaxing)
 .debug_str     0x00000000000ce7c9      0x20c Drivers/STM32F4xx_HAL_Driver/Src/stm32f4xx_hal_gpio.o
                                      0xc8de7 (size before relaxing)
 .debug_str     0x00000000000ce9d5      0x259 Drivers/STM32F4xx_HAL_Driver/Src/stm32f4xx_hal_rcc.o
                                      0xc8f95 (size before relaxing)
 .debug_str     0x00000000000cec2e     0x57b6 Middlewares/Third_Party/FreeRTOS/Source/CMSIS_RTOS_V2/cmsis_os2.o
                                       0xe32c (size before relaxing)
 .debug_str     0x00000000000d43e4      0x219 Middlewares/Third_Party/FreeRTOS/Source/list.o
                                       0xa64d (size before relaxing)
 .debug_str     0x00000000000d45fd      0x92e Middlewares/Third_Party/FreeRTOS/Source/queue.o
                                       0xbfac (size before relaxing)
 .debug_str     0x00000000000d4f2b     0x1270 Middlewares/Third_Party/FreeRTOS/Source/tasks.o
                                       0xcae3 (size before relaxing)
 .debug_str     0x00000000000d619b      0x60b Middlewares/Third_Party/FreeRTOS/Source/timers.o
                                       0xc529 (size before relaxing)
 .debug_str     0x00000000000d67a6      0x817 Middlewares/Third_Party/FreeRTOS/Source/portable/GCC/ARM_CM4F/port.o
                                       0x841a (size before relaxing)
 .debug_str     0x00000000000d6fbd      0x251 Middlewares/Third_Party/FreeRTOS/Source/portable/MemMang/heap_4.o
                                       0xae40 (size before relaxing)

.comment        0x0000000000000000       0x7b
 .comment       0x0000000000000000       0x7b Core/Src/freertos.o
                                         0x7c (size before relaxing)
 .comment       0x000000000000007b       0x7c Core/Src/gpio.o
 .comment       0x000000000000007b       0x7c Core/Src/main.o
 .comment       0x000000000000007b       0x7c Core/Src/stm32f4xx_hal_msp.o
 .comment       0x000000000000007b       0x7c Core/Src/stm32f4xx_it.o
 .comment       0x000000000000007b       0x7c Core/Src/system_stm32f4xx.o
 .comment       0x000000000000007b       0x7c Drivers/STM32F4xx_HAL_Driver/Src/stm32f4xx_hal.o
 .comment       0x000000000000007b       0x7c Drivers/STM32F4xx_HAL_Driver/Src/stm32f4xx_hal_cortex.o
 .comment       0x000000000000007b       0x7c Drivers/STM32F4xx_HAL_Driver/Src/stm32f4xx_hal_gpio.o
 .comment       0x000000000000007b       0x7c Drivers/STM32F4xx_HAL_Driver/Src/stm32f4xx_hal_rcc.o
 .comment       0x000000000000007b       0x7c Middlewares/Third_Party/FreeRTOS/Source/CMSIS_RTOS_V2/cmsis_os2.o
 .comment       0x000000000000007b       0x7c Middlewares/Third_Party/FreeRTOS/Source/list.o
 .comment       0x000000000000007b       0x7c Middlewares/Third_Party/FreeRTOS/Source/queue.o
 .comment       0x000000000000007b       0x7c Middlewares/Third_Party/FreeRTOS/Source/tasks.o
 .comment       0x000000000000007b       0x7c Middlewares/Third_Party/FreeRTOS/Source/timers.o
 .comment       0x000000000000007b       0x7c Middlewares/Third_Party/FreeRTOS/Source/portable/GCC/ARM_CM4F/port.o
 .comment       0x000000000000007b       0x7c Middlewares/Third_Party/FreeRTOS/Source/portable/MemMang/heap_4.o

.debug_frame    0x0000000000000000     0x2e54
 .debug_frame   0x0000000000000000       0x8c Core/Src/freertos.o
 .debug_frame   0x000000000000008c       0x34 Core/Src/gpio.o
 .debug_frame   0x00000000000000c0       0x70 Core/Src/main.o
 .debug_frame   0x0000000000000130       0x34 Core/Src/stm32f4xx_hal_msp.o
 .debug_frame   0x0000000000000164       0xcc Core/Src/stm32f4xx_it.o
 .debug_frame   0x0000000000000230       0x58 Core/Src/system_stm32f4xx.o
 .debug_frame   0x0000000000000288      0x3b4 Drivers/STM32F4xx_HAL_Driver/Src/stm32f4xx_hal.o
 .debug_frame   0x000000000000063c      0x498 Drivers/STM32F4xx_HAL_Driver/Src/stm32f4xx_hal_cortex.o
 .debug_frame   0x0000000000000ad4      0x14c Drivers/STM32F4xx_HAL_Driver/Src/stm32f4xx_hal_gpio.o
 .debug_frame   0x0000000000000c20      0x1f0 Drivers/STM32F4xx_HAL_Driver/Src/stm32f4xx_hal_rcc.o
 .debug_frame   0x0000000000000e10      0x978 Middlewares/Third_Party/FreeRTOS/Source/CMSIS_RTOS_V2/cmsis_os2.o
 .debug_frame   0x0000000000001788       0xd8 Middlewares/Third_Party/FreeRTOS/Source/list.o
 .debug_frame   0x0000000000001860      0x5ec Middlewares/Third_Party/FreeRTOS/Source/queue.o
 .debug_frame   0x0000000000001e4c      0x8a8 Middlewares/Third_Party/FreeRTOS/Source/tasks.o
 .debug_frame   0x00000000000026f4      0x3dc Middlewares/Third_Party/FreeRTOS/Source/timers.o
 .debug_frame   0x0000000000002ad0      0x1a8 Middlewares/Third_Party/FreeRTOS/Source/portable/GCC/ARM_CM4F/port.o
 .debug_frame   0x0000000000002c78      0x108 Middlewares/Third_Party/FreeRTOS/Source/portable/MemMang/heap_4.o
 .debug_frame   0x0000000000002d80       0x2c h:/installation package/stm32cubeide/stm32cubeide_1.3.0/stm32cubeide/plugins/com.st.stm32cube.ide.mcu.externaltools.gnu-tools-for-stm32.7-2018-q2-update.win32_1.0.0.201904181610/tools/bin/../lib/gcc/arm-none-eabi/7.3.1/../../../../arm-none-eabi/lib/thumb/v7e-m/fpv4-sp/hard\libc_nano.a(lib_a-init.o)
 .debug_frame   0x0000000000002dac       0x28 h:/installation package/stm32cubeide/stm32cubeide_1.3.0/stm32cubeide/plugins/com.st.stm32cube.ide.mcu.externaltools.gnu-tools-for-stm32.7-2018-q2-update.win32_1.0.0.201904181610/tools/bin/../lib/gcc/arm-none-eabi/7.3.1/../../../../arm-none-eabi/lib/thumb/v7e-m/fpv4-sp/hard\libc_nano.a(lib_a-memcpy-stub.o)
 .debug_frame   0x0000000000002dd4       0x20 h:/installation package/stm32cubeide/stm32cubeide_1.3.0/stm32cubeide/plugins/com.st.stm32cube.ide.mcu.externaltools.gnu-tools-for-stm32.7-2018-q2-update.win32_1.0.0.201904181610/tools/bin/../lib/gcc/arm-none-eabi/7.3.1/../../../../arm-none-eabi/lib/thumb/v7e-m/fpv4-sp/hard\libc_nano.a(lib_a-memset.o)
 .debug_frame   0x0000000000002df4       0x2c h:/installation package/stm32cubeide/stm32cubeide_1.3.0/stm32cubeide/plugins/com.st.stm32cube.ide.mcu.externaltools.gnu-tools-for-stm32.7-2018-q2-update.win32_1.0.0.201904181610/tools/bin/../lib/gcc/arm-none-eabi/7.3.1/thumb/v7e-m/fpv4-sp/hard\libgcc.a(_aeabi_uldivmod.o)
 .debug_frame   0x0000000000002e20       0x34 h:/installation package/stm32cubeide/stm32cubeide_1.3.0/stm32cubeide/plugins/com.st.stm32cube.ide.mcu.externaltools.gnu-tools-for-stm32.7-2018-q2-update.win32_1.0.0.201904181610/tools/bin/../lib/gcc/arm-none-eabi/7.3.1/thumb/v7e-m/fpv4-sp/hard\libgcc.a(_udivmoddi4.o)
